Copyright 1986-2020 Xilinx, Inc. All Rights Reserved.
--------------------------------------------------------------------------------------
| Tool Version : Vivado v.2020.2 (win64) Build 3064766 Wed Nov 18 09:12:45 MST 2020
| Date         : Fri Apr 26 22:42:42 2024
| Host         : GDESK-59 running 64-bit major release  (build 9200)
| Command      : report_control_sets -verbose -file poker_top_control_sets_placed.rpt
| Design       : poker_top
| Device       : xc7a100t
--------------------------------------------------------------------------------------

Control Set Information

Table of Contents
-----------------
1. Summary
2. Histogram
3. Flip-Flop Distribution
4. Detailed Control Set Information

1. Summary
----------

+----------------------------------------------------------+-------+
|                          Status                          | Count |
+----------------------------------------------------------+-------+
| Total control sets                                       |    31 |
|    Minimum number of control sets                        |    31 |
|    Addition due to synthesis replication                 |     0 |
|    Addition due to physical synthesis replication        |     0 |
| Unused register locations in slices containing registers |   133 |
+----------------------------------------------------------+-------+
* Control sets can be merged at opt_design using control_set_merge or merge_equivalent_drivers
** Run report_qor_suggestions for automated merging and remapping suggestions


2. Histogram
------------

+--------------------+-------+
|       Fanout       | Count |
+--------------------+-------+
| Total control sets |    31 |
| >= 0 to < 4        |     1 |
| >= 4 to < 6        |     5 |
| >= 6 to < 8        |     4 |
| >= 8 to < 10       |    10 |
| >= 10 to < 12      |     1 |
| >= 12 to < 14      |     1 |
| >= 14 to < 16      |     1 |
| >= 16              |     8 |
+--------------------+-------+
* Control sets can be remapped at either synth_design or opt_design


3. Flip-Flop Distribution
-------------------------

+--------------+-----------------------+------------------------+-----------------+--------------+
| Clock Enable | Synchronous Set/Reset | Asynchronous Set/Reset | Total Registers | Total Slices |
+--------------+-----------------------+------------------------+-----------------+--------------+
| No           | No                    | No                     |               2 |            2 |
| No           | No                    | Yes                    |              41 |           18 |
| No           | Yes                   | No                     |               0 |            0 |
| Yes          | No                    | No                     |              34 |           13 |
| Yes          | No                    | Yes                    |             185 |           81 |
| Yes          | Yes                   | No                     |             125 |           35 |
+--------------+-----------------------+------------------------+-----------------+--------------+


4. Detailed Control Set Information
-----------------------------------

+--------------+--------------------------------------------------+-------------------------------------------------+------------------+----------------+--------------+
| Clock Signal |                   Enable Signal                  |                 Set/Reset Signal                | Slice Load Count | Bel Load Count | Bels / Slice |
+--------------+--------------------------------------------------+-------------------------------------------------+------------------+----------------+--------------+
|  BUFGP1/O    |                                                  |                                                 |                2 |              2 |         1.00 |
|  BUFGP1/O    | ee201_debouncer_5/MCEN_count                     |                                                 |                1 |              4 |         4.00 |
|  BUFGP1/O    | ee201_debouncer_1/MCEN_count                     |                                                 |                1 |              4 |         4.00 |
|  BUFGP1/O    | ee201_debouncer_2/MCEN_count                     |                                                 |                2 |              4 |         2.00 |
|  BUFGP1/O    | ee201_debouncer_3/MCEN_count                     |                                                 |                1 |              4 |         4.00 |
|  BUFGP1/O    | ee201_debouncer_4/MCEN_count                     |                                                 |                2 |              4 |         2.00 |
|  BUFGP1/O    | poker/player1state[5]_i_1_n_0                    | Sw15_IBUF                                       |                5 |              6 |         1.20 |
|  BUFGP1/O    | poker/player2state[5]_i_1_n_0                    | Sw15_IBUF                                       |                3 |              6 |         2.00 |
|  BUFGP1/O    | poker/player1hand[2]_i_1_n_0                     |                                                 |                3 |              7 |         2.33 |
|  BUFGP1/O    | poker/player2hand[2]_i_1_n_0                     |                                                 |                3 |              7 |         2.33 |
|  BUFGP1/O    | poker/bet                                        | Sw15_IBUF                                       |                4 |              8 |         2.00 |
|  BUFGP1/O    | poker/betLimit[7]_i_1_n_0                        | Sw15_IBUF                                       |                2 |              8 |         4.00 |
|  BUFGP1/O    | poker/player1balance[7]_i_1_n_0                  | Sw15_IBUF                                       |                3 |              8 |         2.67 |
|  BUFGP1/O    | poker/player2balance[7]_i_1_n_0                  | Sw15_IBUF                                       |                2 |              8 |         4.00 |
|  BUFGP1/O    | poker/pot[7]_i_1_n_0                             | Sw15_IBUF                                       |                6 |              8 |         1.33 |
|  BUFGP1/O    | ee201_debouncer_5/FSM_onehot_state[8]_i_1__3_n_0 | Sw15_IBUF                                       |                2 |              9 |         4.50 |
|  BUFGP1/O    | ee201_debouncer_1/FSM_onehot_state[8]_i_1_n_0    | Sw15_IBUF                                       |                3 |              9 |         3.00 |
|  BUFGP1/O    | ee201_debouncer_2/FSM_onehot_state[8]_i_1__0_n_0 | Sw15_IBUF                                       |                3 |              9 |         3.00 |
|  BUFGP1/O    | ee201_debouncer_3/FSM_onehot_state[8]_i_1__1_n_0 | Sw15_IBUF                                       |                3 |              9 |         3.00 |
|  BUFGP1/O    | ee201_debouncer_4/FSM_onehot_state[8]_i_1__2_n_0 | Sw15_IBUF                                       |                2 |              9 |         4.50 |
|  BUFGP1/O    | poker/card2[3]_i_1_n_0                           | Sw15_IBUF                                       |                5 |             10 |         2.00 |
|  BUFGP1/O    | poker/state                                      | Sw15_IBUF                                       |                4 |             12 |         3.00 |
|  BUFGP1/O    | poker/player1card1_3                             | Sw15_IBUF                                       |                6 |             14 |         2.33 |
|  BUFGP1/O    | ee201_debouncer_5/debounce_count                 | ee201_debouncer_5/debounce_count[24]_i_1__3_n_0 |                7 |             25 |         3.57 |
|  BUFGP1/O    | ee201_debouncer_1/debounce_count                 | ee201_debouncer_1/debounce_count[24]_i_1_n_0    |                7 |             25 |         3.57 |
|  BUFGP1/O    | ee201_debouncer_2/debounce_count                 | ee201_debouncer_2/debounce_count[24]_i_1__0_n_0 |                7 |             25 |         3.57 |
|  BUFGP1/O    | ee201_debouncer_3/debounce_count                 | ee201_debouncer_3/debounce_count[24]_i_1__1_n_0 |                7 |             25 |         3.57 |
|  BUFGP1/O    | ee201_debouncer_4/debounce_count                 | ee201_debouncer_4/debounce_count[24]_i_1__2_n_0 |                7 |             25 |         3.57 |
|  BUFGP1/O    | poker/player1_data[6][3]_i_1_n_0                 | Sw15_IBUF                                       |               14 |             26 |         1.86 |
|  BUFGP1/O    | poker/player2_data[6][3]_i_1_n_0                 | Sw15_IBUF                                       |               14 |             26 |         1.86 |
|  BUFGP1/O    |                                                  | Sw15_IBUF                                       |               18 |             41 |         2.28 |
+--------------+--------------------------------------------------+-------------------------------------------------+------------------+----------------+--------------+


